Microsoft Windows [Version 10.0.19045.2604]
(c) Microsoft Corporation. All rights reserved.

C:\Users\kimnu>git
usage: git [-v | --version] [-h | --help] [-C <path>] [-c <name>=<value>]
           [--exec-path[=<path>]] [--html-path] [--man-path] [--info-path]
           [-p | --paginate | -P | --no-pager] [--no-replace-objects] [--bare]
           [--git-dir=<path>] [--work-tree=<path>] [--namespace=<name>]
           [--config-env=<name>=<envvar>] <command> [<args>]

These are common Git commands used in various situations:

start a working area (see also: git help tutorial)
   clone     Clone a repository into a new directory
   init      Create an empty Git repository or reinitialize an existing one

work on the current change (see also: git help everyday)
   add       Add file contents to the index
   mv        Move or rename a file, a directory, or a symlink
   restore   Restore working tree files
   rm        Remove files from the working tree and from the index

examine the history and state (see also: git help revisions)
   bisect    Use binary search to find the commit that introduced a bug
   diff      Show changes between commits, commit and working tree, etc
   grep      Print lines matching a pattern
   log       Show commit logs
   show      Show various types of objects
   status    Show the working tree status

grow, mark and tweak your common history
   branch    List, create, or delete branches
   commit    Record changes to the repository
   merge     Join two or more development histories together
   rebase    Reapply commits on top of another base tip
   reset     Reset current HEAD to the specified state
   switch    Switch branches
   tag       Create, list, delete or verify a tag object signed with GPG

collaborate (see also: git help workflows)
   fetch     Download objects and refs from another repository
   pull      Fetch from and integrate with another repository or a local branch
   push      Update remote refs along with associated objects

'git help -a' and 'git help -g' list available subcommands and some
concept guides. See 'git help <command>' or 'git help <concept>'
to read about a specific subcommand or concept.
See 'git help git' for an overview of the system.

C:\Users\kimnu>git config --global user name "Nurihan Kim"
error: key does not contain a section: user

C:\Users\kimnu>git config --global user.name "Nurihan Kim"

C:\Users\kimnu>git config --global user.email "bluevenus02@naver.com"

C:\Users\kimnu>git config --list
diff.astextplain.textconv=astextplain
filter.lfs.clean=git-lfs clean -- %f
filter.lfs.smudge=git-lfs smudge -- %f
filter.lfs.process=git-lfs filter-process
filter.lfs.required=true
http.sslbackend=openssl
http.sslcainfo=C:/Program Files/Git/mingw64/etc/ssl/certs/ca-bundle.crt
core.autocrlf=true
core.fscache=true
core.symlinks=false
pull.rebase=false
credential.helper=manager
credential.https://dev.azure.com.usehttppath=true
init.defaultbranch=master
filter.lfs.clean=git-lfs clean -- %f
filter.lfs.smudge=git-lfs smudge -- %f
filter.lfs.process=git-lfs filter-process
filter.lfs.required=true
user.name=Nurihan Kim
user.email=bluevenus02@naver.com

C:\Users\kimnu>mkdir test

C:\Users\kimnu>cd test

C:\Users\kimnu\test>git init
Initialized empty Git repository in C:/Users/kimnu/test/.git/

C:\Users\kimnu\test>dir
 C 드라이브의 볼륨에는 이름이 없습니다.
 볼륨 일련 번호: 2CE9-EA27

 C:\Users\kimnu\test 디렉터리

2023-03-16  오후 05:35    <DIR>          .
2023-03-16  오후 05:35    <DIR>          ..
               0개 파일                   0 바이트
               2개 디렉터리  37,878,415,360 바이트 남음

C:\Users\kimnu\test>dir /ah
 C 드라이브의 볼륨에는 이름이 없습니다.
 볼륨 일련 번호: 2CE9-EA27

 C:\Users\kimnu\test 디렉터리

2023-03-16  오후 05:35    <DIR>          .git
               0개 파일                   0 바이트
               1개 디렉터리  37,878,415,360 바이트 남음

C:\Users\kimnu\test>echo "Hello git" > README

C:\Users\kimnu\test>dir
 C 드라이브의 볼륨에는 이름이 없습니다.
 볼륨 일련 번호: 2CE9-EA27

 C:\Users\kimnu\test 디렉터리

2023-03-16  오후 05:37    <DIR>          .
2023-03-16  오후 05:37    <DIR>          ..
2023-03-16  오후 05:37                14 README
               1개 파일                  14 바이트
               2개 디렉터리  44,382,208,000 바이트 남음

C:\Users\kimnu\test>git status
On branch master

No commits yet

Untracked files:
  (use "git add <file>..." to include in what will be committed)
        README

nothing added to commit but untracked files present (use "git add" to track)

C:\Users\kimnu\test>git add README

C:\Users\kimnu\test>git status
On branch master

No commits yet

Changes to be committed:
  (use "git rm --cached <file>..." to unstage)
        new file:   README


C:\Users\kimnu\test>git commit -m "initial commit"
[master (root-commit) a899583] initial commit
 1 file changed, 1 insertion(+)
 create mode 100644 README

C:\Users\kimnu\test>git remote add origin https://github.com/bluevenus02/kuality-2023-1.git

C:\Users\kimnu\test>git branch -M main

C:\Users\kimnu\test>git push -u origin main
fatal: helper error (-1): User cancelled dialog.
Username for 'https://github.com':
Password for 'https://github.com':
remote: No anonymous write access.
fatal: Authentication failed for 'https://github.com/bluevenus02/kuality-2023-1.git/'

C:\Users\kimnu\test>
C:\Users\kimnu\test>git login
git: 'login' is not a git command. See 'git --help'.

The most similar command is
        column

C:\Users\kimnu\test>git remote add origin https://github.com/bluevenus02/kuality-2023-1.git
error: remote origin already exists.

C:\Users\kimnu\test>git remote remove origin

C:\Users\kimnu\test>git remote add origin https://github.com/bluevenus02/kuality-2023-1.git

C:\Users\kimnu\test>git push -u origin main
info: please complete authentication in your browser...
Enumerating objects: 3, done.
Counting objects: 100% (3/3), done.
Writing objects: 100% (3/3), 227 bytes | 75.00 KiB/s, done.
Total 3 (delta 0), reused 0 (delta 0), pack-reused 0
To https://github.com/bluevenus02/kuality-2023-1.git
 * [new branch]      main -> main
branch 'main' set up to track 'origin/main'.

C:\Users\kimnu\test>